[0s] limit=0 remove=0 curr=5000000 Charging 45% 426T batt=4028000uV/-4284000uA (17.3W) usb=16706000uV/0uA type=N/A
[6s] limit=0 remove=0 curr=5000000 Charging 46% 425T batt=4035000uV/-4335000uA (17.5W) usb=16745000uV/0uA type=N/A
[12s] limit=0 remove=0 curr=5000000 Charging 46% 425T batt=4040000uV/-4444000uA (18.0W) usb=16778000uV/0uA type=N/A
[18s] limit=0 remove=0 curr=5000000 Charging 46% 423T batt=4039000uV/-4313000uA (17.4W) usb=16754000uV/0uA type=N/A
[24s] limit=0 remove=0 curr=4913000 Charging 46% 423T batt=4026000uV/-4143000uA (16.7W) usb=16770000uV/0uA type=N/A
[30s] limit=0 remove=0 curr=5236000 Charging 46% 421T batt=4056000uV/-4866000uA (19.7W) usb=16875000uV/0uA type=N/A
[36s] limit=0 remove=0 curr=5088000 Charging 46% 421T batt=4059000uV/-4774000uA (19.4W) usb=16870000uV/0uA type=N/A
[42s] limit=0 remove=1 curr=5462000 Charging 46% 417T batt=4179000uV/-9113000uA (38.1W) usb=18026000uV/0uA type=N/A
[48s] limit=0 remove=1 curr=4132000 Charging 47% 415T batt=4228000uV/-11013000uA (46.6W) usb=18239000uV/0uA type=N/A
[54s] limit=0 remove=1 curr=2500000 Charging 47% 419T batt=4237000uV/-10954000uA (46.4W) usb=18274000uV/0uA type=N/A
[60s] limit=0 remove=0 curr=22000000 Discharging 47% 420T batt=3948000uV/442000uA (1.7W) usb=8000uV/0uA type=N/A
[66s] limit=0 remove=0 curr=22000000 Discharging 47% 420T batt=3935000uV/434000uA (1.7W) usb=1000uV/0uA type=N/A
[72s] limit=0 remove=1 curr=1000000 Charging 47% 420T batt=3900000uV/1115000uA (4.3W) usb=5107000uV/394000uA type=Fast
[78s] limit=0 remove=1 curr=5000000 Charging 47% 420T batt=4185000uV/-10165000uA (42.5W) usb=17991000uV/0uA type=N/A
[84s] limit=0 remove=0 curr=2500000 Charging 47% 436T batt=4170000uV/-8646000uA (36.1W) usb=17982000uV/0uA type=N/A
[90s] limit=0 remove=0 curr=5000000 Charging 48% 441T batt=4092000uV/-5344000uA (21.9W) usb=17198000uV/0uA type=N/A
[96s] limit=0 remove=0 curr=2547000 Charging 48% 443T batt=4047000uV/-3588000uA (14.5W) usb=16819000uV/0uA type=N/A
[102s] limit=0 remove=0 curr=2500000 Charging 48% 443T batt=4018000uV/-2459000uA (9.9W) usb=16549000uV/0uA type=N/A
[108s] limit=0 remove=0 curr=2500000 Charging 48% 443T batt=4009000uV/-2275000uA (9.1W) usb=16488000uV/0uA type=N/A
[114s] limit=0 remove=0 curr=2500000 Charging 48% 443T batt=3987000uV/-1521000uA (6.1W) usb=16413000uV/0uA type=N/A
[120s] limit=0 remove=0 curr=2500000 Charging 48% 443T batt=3922000uV/527000uA (2.1W) usb=15811000uV/0uA type=N/A
[126s] limit=0 remove=0 curr=1000000 Charging 48% 449T batt=3893000uV/1868000uA (7.3W) usb=8913000uV/494000uA type=Fast
[132s] limit=0 remove=0 curr=1000000 Charging 48% 456T batt=3942000uV/-720000uA (2.8W) usb=8921000uV/494000uA type=Fast
[138s] limit=0 remove=0 curr=300000 Charging 48% 458T batt=3941000uV/-301000uA (1.2W) usb=8952000uV/266000uA type=Fast
[144s] limit=0 remove=0 curr=300000 Charging 48% 457T batt=3941000uV/-299000uA (1.2W) usb=8956000uV/375000uA type=Fast
[150s] limit=15 remove=0 curr=700000 Charging 48% 456T batt=3945000uV/-496000uA (2.0W) usb=8956000uV/375000uA type=Fast
[156s] limit=15 remove=0 curr=700000 Charging 48% 453T batt=3946000uV/-496000uA (2.0W) usb=8933000uV/359000uA type=Fast
[162s] limit=15 remove=0 curr=700000 Charging 48% 450T batt=3946000uV/-493000uA (1.9W) usb=8952000uV/359000uA type=Fast
[168s] limit=15 remove=0 curr=700000 Charging 48% 448T batt=3946000uV/-498000uA (2.0W) usb=8951000uV/319000uA type=Fast
[174s] limit=15 remove=0 curr=1396000 Charging 48% 445T batt=3945000uV/-497000uA (2.0W) usb=8953000uV/334000uA type=Fast
[180s] limit=15 remove=0 curr=2383000 Charging 48% 442T batt=3945000uV/-493000uA (1.9W) usb=8947000uV/391000uA type=Fast
